// Jest Snapshot v1, https://goo.gl/fbAQLP

exports[`Snapshot Form 1`] = `
<DocumentFragment>
  <form
    class="form"
  >
    <p
      class="title"
    />
    <div
      class="container"
    >
      <label
        class="label"
        for="name"
      >
        Name:
      </label>
      <input
        class="formControl"
        id="name"
        name="name"
        placeholder="Name"
        required=""
        type="text"
        value=""
      />
    </div>
    <div
      class="container"
    >
      <label
        class="label"
        for="area"
      >
        Area:
      </label>
      <input
        class="formControl"
        id="area"
        name="area"
        placeholder="Area"
        required=""
        type="number"
        value=""
      />
    </div>
    <div
      class="container"
    >
      <label
        class="label"
        for="location"
      >
        Location:
      </label>
      <input
        class="formControl"
        id="location"
        name="location"
        placeholder="Location"
        required=""
        type="text"
        value=""
      />
    </div>
    <div
      class="container"
    >
      <label
        class="label"
        for="image"
      >
        Url:
      </label>
      <input
        class="formControl"
        id="image"
        name="image"
        placeholder="Url"
        required=""
        type="text"
        value=""
      />
    </div>
    <button
      class="btn"
      type="submit"
    >
      Save
    </button>
  </form>
</DocumentFragment>
`;
