// Jest Snapshot v1, https://goo.gl/fbAQLP

exports[`Snapshot Table 1`] = `
<DocumentFragment>
  <div
    class="container"
  >
    <table
      class="table"
    >
      <thead>
        <tr>
          <th>
            Id
          </th>
          <th>
            Name
          </th>
          <th>
            Area
          </th>
          <th>
            Location
          </th>
          <th>
            Image
          </th>
          <th>
            Action
          </th>
        </tr>
      </thead>
      <tbody />
    </table>
  </div>
</DocumentFragment>
`;
